[0m16:00:59.158363 [debug] [MainThread]: Sending event: {'category': 'dbt', 'action': 'invocation', 'label': 'start', 'context': [<snowplow_tracker.self_describing_json.SelfDescribingJson object at 0x70f32cd86910>, <snowplow_tracker.self_describing_json.SelfDescribingJson object at 0x70f32cf2c090>, <snowplow_tracker.self_describing_json.SelfDescribingJson object at 0x70f32cf2c590>]}


============================== 16:00:59.161166 | fe9db4ea-5424-4e0c-a5c7-a1bdc4d143c9 ==============================
[0m16:00:59.161166 [info ] [MainThread]: Running with dbt=1.8.0
[0m16:00:59.161549 [debug] [MainThread]: running dbt with arguments {'printer_width': '80', 'indirect_selection': 'eager', 'log_cache_events': 'False', 'write_json': 'True', 'partial_parse': 'True', 'cache_selected_only': 'False', 'profiles_dir': '/home/mehdi/.dbt', 'version_check': 'True', 'warn_error': 'None', 'log_path': 'logs', 'fail_fast': 'False', 'debug': 'False', 'use_colors': 'True', 'use_experimental_parser': 'False', 'no_print': 'None', 'quiet': 'False', 'log_format': 'default', 'introspect': 'True', 'warn_error_options': 'WarnErrorOptions(include=[], exclude=[])', 'static_parser': 'True', 'target_path': 'None', 'invocation_command': 'dbt debug', 'send_anonymous_usage_stats': 'True'}
[0m16:00:59.171224 [info ] [MainThread]: dbt version: 1.8.0
[0m16:00:59.171552 [info ] [MainThread]: python version: 3.11.9
[0m16:00:59.171807 [info ] [MainThread]: python path: /home/mehdi/energy-pipeline/venv/bin/python
[0m16:00:59.172019 [info ] [MainThread]: os info: Linux-6.6.87.2-microsoft-standard-WSL2-x86_64-with-glibc2.39
[0m16:00:59.226098 [info ] [MainThread]: Using profiles dir at /home/mehdi/.dbt
[0m16:00:59.226485 [info ] [MainThread]: Using profiles.yml file at /home/mehdi/.dbt/profiles.yml
[0m16:00:59.226742 [info ] [MainThread]: Using dbt_project.yml file at /home/mehdi/energy-pipeline/dbt_project.yml
[0m16:00:59.227058 [info ] [MainThread]: adapter type: postgres
[0m16:00:59.227291 [info ] [MainThread]: adapter version: 1.8.0
[0m16:00:59.227513 [info ] [MainThread]: Configuration:
[0m16:00:59.227717 [info ] [MainThread]:   profiles.yml file [[32mOK found and valid[0m]
[0m16:00:59.227926 [info ] [MainThread]:   dbt_project.yml file [[31mERROR not found[0m]
[0m16:00:59.228122 [info ] [MainThread]: Required dependencies:
[0m16:00:59.228332 [debug] [MainThread]: Executing "git --help"
[0m16:00:59.230231 [debug] [MainThread]: STDOUT: "b"usage: git [-v | --version] [-h | --help] [-C <path>] [-c <name>=<value>]\n           [--exec-path[=<path>]] [--html-path] [--man-path] [--info-path]\n           [-p | --paginate | -P | --no-pager] [--no-replace-objects] [--bare]\n           [--git-dir=<path>] [--work-tree=<path>] [--namespace=<name>]\n           [--config-env=<name>=<envvar>] <command> [<args>]\n\nThese are common Git commands used in various situations:\n\nstart a working area (see also: git help tutorial)\n   clone     Clone a repository into a new directory\n   init      Create an empty Git repository or reinitialize an existing one\n\nwork on the current change (see also: git help everyday)\n   add       Add file contents to the index\n   mv        Move or rename a file, a directory, or a symlink\n   restore   Restore working tree files\n   rm        Remove files from the working tree and from the index\n\nexamine the history and state (see also: git help revisions)\n   bisect    Use binary search to find the commit that introduced a bug\n   diff      Show changes between commits, commit and working tree, etc\n   grep      Print lines matching a pattern\n   log       Show commit logs\n   show      Show various types of objects\n   status    Show the working tree status\n\ngrow, mark and tweak your common history\n   branch    List, create, or delete branches\n   commit    Record changes to the repository\n   merge     Join two or more development histories together\n   rebase    Reapply commits on top of another base tip\n   reset     Reset current HEAD to the specified state\n   switch    Switch branches\n   tag       Create, list, delete or verify a tag object signed with GPG\n\ncollaborate (see also: git help workflows)\n   fetch     Download objects and refs from another repository\n   pull      Fetch from and integrate with another repository or a local branch\n   push      Update remote refs along with associated objects\n\n'git help -a' and 'git help -g' list available subcommands and some\nconcept guides. See 'git help <command>' or 'git help <concept>'\nto read about a specific subcommand or concept.\nSee 'git help git' for an overview of the system.\n""
[0m16:00:59.230569 [debug] [MainThread]: STDERR: "b''"
[0m16:00:59.230787 [info ] [MainThread]:  - git [[32mOK found[0m]

[0m16:00:59.231017 [info ] [MainThread]: Connection:
[0m16:00:59.231240 [info ] [MainThread]:   host: localhost
[0m16:00:59.231456 [info ] [MainThread]:   port: 5432
[0m16:00:59.231663 [info ] [MainThread]:   user: energy_user
[0m16:00:59.231862 [info ] [MainThread]:   database: energy_db
[0m16:00:59.232058 [info ] [MainThread]:   schema: public
[0m16:00:59.232293 [info ] [MainThread]:   connect_timeout: 10
[0m16:00:59.232537 [info ] [MainThread]:   role: None
[0m16:00:59.232748 [info ] [MainThread]:   search_path: None
[0m16:00:59.232959 [info ] [MainThread]:   keepalives_idle: 0
[0m16:00:59.233154 [info ] [MainThread]:   sslmode: None
[0m16:00:59.233348 [info ] [MainThread]:   sslcert: None
[0m16:00:59.233543 [info ] [MainThread]:   sslkey: None
[0m16:00:59.233738 [info ] [MainThread]:   sslrootcert: None
[0m16:00:59.233948 [info ] [MainThread]:   application_name: dbt
[0m16:00:59.234155 [info ] [MainThread]:   retries: 1
[0m16:00:59.234443 [info ] [MainThread]: Registered adapter: postgres=1.8.0
[0m16:00:59.277281 [debug] [MainThread]: Acquiring new postgres connection 'debug'
[0m16:00:59.300571 [debug] [MainThread]: Using postgres connection "debug"
[0m16:00:59.300881 [debug] [MainThread]: On debug: select 1 as id
[0m16:00:59.301103 [debug] [MainThread]: Opening a new connection, currently in state init
[0m16:00:59.317714 [debug] [MainThread]: SQL status: SELECT 1 in 0.017 seconds
[0m16:00:59.318534 [debug] [MainThread]: On debug: Close
[0m16:00:59.318844 [info ] [MainThread]:   Connection test: [[32mOK connection ok[0m]

[0m16:00:59.319120 [info ] [MainThread]: [31m1 check failed:[0m
[0m16:00:59.319352 [info ] [MainThread]: Project loading failed for the following reason:
 project path </home/mehdi/energy-pipeline/dbt_project.yml> not found

[0m16:00:59.320541 [debug] [MainThread]: Resource report: {"command_name": "debug", "command_wall_clock_time": 0.19541894, "process_user_time": 0.938432, "process_kernel_time": 0.1335, "process_mem_max_rss": "111276", "process_in_blocks": "47728", "process_out_blocks": "24", "command_success": false}
[0m16:00:59.320953 [debug] [MainThread]: Command `dbt debug` failed at 16:00:59.320880 after 0.20 seconds
[0m16:00:59.321196 [debug] [MainThread]: Connection 'debug' was properly closed.
[0m16:00:59.321433 [debug] [MainThread]: Sending event: {'category': 'dbt', 'action': 'invocation', 'label': 'end', 'context': [<snowplow_tracker.self_describing_json.SelfDescribingJson object at 0x70f32cf23e90>, <snowplow_tracker.self_describing_json.SelfDescribingJson object at 0x70f32cd86a50>, <snowplow_tracker.self_describing_json.SelfDescribingJson object at 0x70f32b5a3d90>]}
[0m16:00:59.321694 [debug] [MainThread]: Flushing usage events
